---
source: tui/src/history_cell/tests.rs
expression: rendered
---
╭────────────────────────────────────────────────────────────────────────────────────────────────────────────╮
│ ✨ Update available! 0.1.2 -> 9.9.9                                                                        │
│ Run sh -c 'curl -fsSL https://github.com/dopejs/dcode/releases/latest/download/install-dcode.sh | sh' to   │
│ update.                                                                                                    │
│                                                                                                            │
│ See full release notes:                                                                                    │
│ https://github.com/dopejs/dcode/releases/latest                                                            │
╰────────────────────────────────────────────────────────────────────────────────────────────────────────────╯
